2025-09-22 18:35:59,368 INFO: AI Traffic Management System startup [in C:\Users\JHOKER\Desktop\Vision_Traffic_AI_Main\app\__init__.py:65]
2025-09-22 18:36:04,061 INFO: AI Traffic Management System startup [in C:\Users\JHOKER\Desktop\Vision_Traffic_AI_Main\app\__init__.py:65]
2025-09-22 18:36:16,590 INFO: AI Traffic Management System startup [in C:\Users\JHOKER\Desktop\Vision_Traffic_AI_Main\app\__init__.py:65]
2025-09-22 18:41:15,108 INFO: AI Traffic Management System startup [in C:\Users\JHOKER\Desktop\Vision_Traffic_AI_Main\app\__init__.py:65]
2025-09-22 18:41:16,271 ERROR: Error starting simulation: 415 Unsupported Media Type: Did not attempt to load JSON data because the request Content-Type was not 'application/json'. [in C:\Users\JHOKER\Desktop\Vision_Traffic_AI_Main\app\routes\sumo.py:41]
2025-09-22 18:42:30,460 ERROR: Error starting simulation: 415 Unsupported Media Type: Did not attempt to load JSON data because the request Content-Type was not 'application/json'. [in C:\Users\JHOKER\Desktop\Vision_Traffic_AI_Main\app\routes\sumo.py:41]
2025-09-22 18:43:57,864 INFO: AI Traffic Management System startup [in C:\Users\JHOKER\Desktop\Vision_Traffic_AI_Main\app\__init__.py:65]
2025-09-22 18:44:07,243 INFO: AI Traffic Management System startup [in C:\Users\JHOKER\Desktop\Vision_Traffic_AI_Main\app\__init__.py:65]
2025-09-22 18:44:17,206 ERROR: Error starting simulation: 415 Unsupported Media Type: Did not attempt to load JSON data because the request Content-Type was not 'application/json'. [in C:\Users\JHOKER\Desktop\Vision_Traffic_AI_Main\app\routes\sumo.py:41]
2025-09-22 18:44:41,806 INFO: AI Traffic Management System startup [in C:\Users\JHOKER\Desktop\Vision_Traffic_AI_Main\app\__init__.py:65]
2025-09-22 18:44:49,797 ERROR: Error starting simulation: 415 Unsupported Media Type: Did not attempt to load JSON data because the request Content-Type was not 'application/json'. [in C:\Users\JHOKER\Desktop\Vision_Traffic_AI_Main\app\routes\sumo.py:41]
2025-09-22 18:45:53,019 INFO: AI Traffic Management System startup [in C:\Users\JHOKER\Desktop\Vision_Traffic_AI_Main\app\__init__.py:65]
2025-09-22 18:46:33,562 ERROR: Error starting simulation: 415 Unsupported Media Type: Did not attempt to load JSON data because the request Content-Type was not 'application/json'. [in C:\Users\JHOKER\Desktop\Vision_Traffic_AI_Main\app\routes\sumo.py:41]
2025-09-22 18:49:46,419 INFO: AI Traffic Management System startup [in C:\Users\JHOKER\Desktop\Vision_Traffic_AI_Main\app\__init__.py:65]
2025-09-22 18:49:47,261 ERROR: Error starting simulation: 415 Unsupported Media Type: Did not attempt to load JSON data because the request Content-Type was not 'application/json'. [in C:\Users\JHOKER\Desktop\Vision_Traffic_AI_Main\app\routes\sumo.py:41]
2025-09-22 18:53:12,930 ERROR: Error starting simulation: 415 Unsupported Media Type: Did not attempt to load JSON data because the request Content-Type was not 'application/json'. [in C:\Users\JHOKER\Desktop\Vision_Traffic_AI_Main\app\routes\sumo.py:41]
2025-09-22 18:54:56,247 INFO: AI Traffic Management System startup [in C:\Users\JHOKER\Desktop\Vision_Traffic_AI_Main\app\__init__.py:65]
2025-09-22 18:55:36,368 INFO: AI Traffic Management System startup [in C:\Users\JHOKER\Desktop\Vision_Traffic_AI_Main\app\__init__.py:65]
2025-09-22 19:03:56,582 INFO: AI Traffic Management System startup [in C:\Users\JHOKER\Desktop\Vision_Traffic_AI_Main\app\__init__.py:65]
2025-09-22 19:04:00,140 INFO: AI Traffic Management System startup [in C:\Users\JHOKER\Desktop\Vision_Traffic_AI_Main\app\__init__.py:65]
2025-09-22 19:04:54,818 INFO: AI Traffic Management System startup [in C:\Users\JHOKER\Desktop\Vision_Traffic_AI_Main\app\__init__.py:65]
2025-09-22 19:04:58,234 INFO: AI Traffic Management System startup [in C:\Users\JHOKER\Desktop\Vision_Traffic_AI_Main\app\__init__.py:65]
2025-09-22 19:26:16,852 INFO: AI Traffic Management System startup [in C:\Users\JHOKER\Desktop\Vision_Traffic_AI_Main\app\__init__.py:65]
2025-09-22 19:26:22,741 INFO: AI Traffic Management System startup [in C:\Users\JHOKER\Desktop\Vision_Traffic_AI_Main\app\__init__.py:65]
2025-09-22 19:26:55,042 INFO: AI Traffic Management System startup [in C:\Users\JHOKER\Desktop\Vision_Traffic_AI_Main\app\__init__.py:65]
2025-09-22 19:27:47,979 INFO: AI Traffic Management System startup [in C:\Users\JHOKER\Desktop\Vision_Traffic_AI_Main\app\__init__.py:65]
2025-09-22 19:28:24,202 INFO: AI Traffic Management System startup [in C:\Users\JHOKER\Desktop\Vision_Traffic_AI_Main\app\__init__.py:65]
2025-09-22 19:29:45,200 INFO: SUMO simulation started with config: complex.sumocfg [in C:\Users\JHOKER\Desktop\Vision_Traffic_AI_Main\app\services\sumo_service.py:68]
2025-09-22 19:30:56,388 WARNING: SUMO simulation already running [in C:\Users\JHOKER\Desktop\Vision_Traffic_AI_Main\app\services\sumo_service.py:50]
2025-09-22 19:31:27,656 WARNING: SUMO simulation already running [in C:\Users\JHOKER\Desktop\Vision_Traffic_AI_Main\app\services\sumo_service.py:50]
2025-09-22 19:31:47,004 INFO: SUMO simulation stopped [in C:\Users\JHOKER\Desktop\Vision_Traffic_AI_Main\app\services\sumo_service.py:90]
2025-09-22 19:32:11,775 INFO: SUMO simulation started with config: complex.sumocfg [in C:\Users\JHOKER\Desktop\Vision_Traffic_AI_Main\app\services\sumo_service.py:68]
2025-09-22 19:35:04,371 INFO: AI Traffic Management System startup [in C:\Users\JHOKER\Desktop\Vision_Traffic_AI_Main\app\__init__.py:65]
2025-09-22 19:37:38,680 INFO: SUMO simulation started with config: complex.sumocfg [in C:\Users\JHOKER\Desktop\Vision_Traffic_AI_Main\app\services\sumo_service.py:68]
2025-09-22 19:37:50,882 INFO: AI Traffic Management System startup [in C:\Users\JHOKER\Desktop\Vision_Traffic_AI_Main\app\__init__.py:65]
2025-09-22 19:38:20,612 INFO: SUMO simulation started with config: complex.sumocfg [in C:\Users\JHOKER\Desktop\Vision_Traffic_AI_Main\app\services\sumo_service.py:68]
2025-09-22 19:41:02,451 WARNING: SUMO simulation already running [in C:\Users\JHOKER\Desktop\Vision_Traffic_AI_Main\app\services\sumo_service.py:50]
2025-09-22 19:41:16,080 INFO: SUMO simulation stopped [in C:\Users\JHOKER\Desktop\Vision_Traffic_AI_Main\app\services\sumo_service.py:90]
2025-09-22 19:43:14,059 INFO: AI Traffic Management System startup [in C:\Users\JHOKER\Desktop\Vision_Traffic_AI_Main\app\__init__.py:65]
2025-09-22 19:43:19,904 INFO: AI Traffic Management System startup [in C:\Users\JHOKER\Desktop\Vision_Traffic_AI_Main\app\__init__.py:65]
